{"level":"info","message":"Drylla started successfully","timestamp":"2025-02-12T01:03:41.413Z"}
{"height":883366,"level":"info","message":"New block detected","timestamp":"2025-02-12T01:03:50.677Z"}
{"feeRate":8,"level":"info","message":"Current fee rate","timestamp":"2025-02-12T01:03:51.101Z"}
{"accountSpendableTotalBalance":49255,"level":"info","message":"Current Account balance","timestamp":"2025-02-12T01:03:53.215Z"}
{"blockHeight":883366,"level":"info","message":"Mint transaction executed","timestamp":"2025-02-12T01:03:58.672Z","txid":"5ae2c640a66dc100cd4681b533a49d79a1f1abadb3ecc89436114c6e61c5503d"}
{"level":"info","message":"Waiting for new block...","timestamp":"2025-02-12T01:04:00.649Z"}
{"level":"info","message":"Waiting for new block...","timestamp":"2025-02-12T01:04:10.858Z"}
{"level":"info","message":"Waiting for new block...","timestamp":"2025-02-12T01:04:21.214Z"}
{"level":"info","message":"Waiting for new block...","timestamp":"2025-02-12T01:04:30.762Z"}
{"level":"info","message":"Waiting for new block...","timestamp":"2025-02-12T01:04:40.866Z"}
{"level":"info","message":"Waiting for new block...","timestamp":"2025-02-12T01:04:51.415Z"}
{"level":"info","message":"Waiting for new block...","timestamp":"2025-02-12T01:05:00.886Z"}
{"level":"info","message":"Waiting for new block...","timestamp":"2025-02-12T01:05:10.929Z"}
{"level":"info","message":"Waiting for new block...","timestamp":"2025-02-12T01:05:20.746Z"}
{"level":"info","message":"Waiting for new block...","timestamp":"2025-02-12T01:05:30.750Z"}
{"level":"info","message":"Waiting for new block...","timestamp":"2025-02-12T01:05:40.781Z"}
{"level":"info","message":"Waiting for new block...","timestamp":"2025-02-12T01:05:50.753Z"}
{"level":"info","message":"Waiting for new block...","timestamp":"2025-02-12T01:06:00.813Z"}
{"level":"info","message":"Waiting for new block...","timestamp":"2025-02-12T01:06:11.158Z"}
{"level":"info","message":"Waiting for new block...","timestamp":"2025-02-12T01:06:20.781Z"}
{"level":"info","message":"Waiting for new block...","timestamp":"2025-02-12T01:06:30.790Z"}
{"level":"info","message":"Waiting for new block...","timestamp":"2025-02-12T01:06:41.107Z"}
{"level":"info","message":"Waiting for new block...","timestamp":"2025-02-12T01:06:50.817Z"}
{"level":"info","message":"Waiting for new block...","timestamp":"2025-02-12T01:07:01.183Z"}
{"level":"info","message":"Waiting for new block...","timestamp":"2025-02-12T01:07:10.831Z"}
{"level":"info","message":"Waiting for new block...","timestamp":"2025-02-12T01:07:20.901Z"}
{"level":"info","message":"Waiting for new block...","timestamp":"2025-02-12T01:07:30.972Z"}
{"level":"info","message":"Waiting for new block...","timestamp":"2025-02-12T01:07:40.877Z"}
{"level":"info","message":"Waiting for new block...","timestamp":"2025-02-12T01:07:50.885Z"}
{"level":"info","message":"Waiting for new block...","timestamp":"2025-02-12T01:08:01.001Z"}
{"level":"info","message":"Waiting for new block...","timestamp":"2025-02-12T01:08:10.904Z"}
{"level":"info","message":"Waiting for new block...","timestamp":"2025-02-12T01:08:20.912Z"}
{"level":"info","message":"Waiting for new block...","timestamp":"2025-02-12T01:08:31.588Z"}
{"level":"info","message":"Waiting for new block...","timestamp":"2025-02-12T01:08:41.071Z"}
{"level":"info","message":"Waiting for new block...","timestamp":"2025-02-12T01:08:50.950Z"}
{"level":"info","message":"Waiting for new block...","timestamp":"2025-02-12T01:09:01.233Z"}
{"level":"info","message":"Waiting for new block...","timestamp":"2025-02-12T01:09:10.990Z"}
{"level":"info","message":"Waiting for new block...","timestamp":"2025-02-12T01:09:21.204Z"}
{"level":"info","message":"Waiting for new block...","timestamp":"2025-02-12T01:09:31.759Z"}
{"level":"info","message":"Waiting for new block...","timestamp":"2025-02-12T01:09:41.487Z"}
{"level":"info","message":"Waiting for new block...","timestamp":"2025-02-12T01:09:51.123Z"}
{"level":"info","message":"Waiting for new block...","timestamp":"2025-02-12T01:10:01.063Z"}
{"level":"info","message":"Waiting for new block...","timestamp":"2025-02-12T01:10:11.043Z"}
{"level":"info","message":"Waiting for new block...","timestamp":"2025-02-12T01:10:21.426Z"}
{"level":"info","message":"Waiting for new block...","timestamp":"2025-02-12T01:10:31.459Z"}
{"level":"info","message":"Waiting for new block...","timestamp":"2025-02-12T01:10:41.070Z"}
{"level":"info","message":"Waiting for new block...","timestamp":"2025-02-12T01:10:51.104Z"}
{"level":"info","message":"Waiting for new block...","timestamp":"2025-02-12T01:11:01.101Z"}
{"level":"info","message":"Waiting for new block...","timestamp":"2025-02-12T01:11:11.109Z"}
{"level":"info","message":"Waiting for new block...","timestamp":"2025-02-12T01:11:21.147Z"}
{"level":"info","message":"Waiting for new block...","timestamp":"2025-02-12T01:11:31.141Z"}
{"level":"info","message":"Waiting for new block...","timestamp":"2025-02-12T01:11:41.605Z"}
{"level":"info","message":"Waiting for new block...","timestamp":"2025-02-12T01:11:50.193Z"}
{"level":"info","message":"Waiting for new block...","timestamp":"2025-02-12T01:12:00.857Z"}
{"level":"info","message":"Waiting for new block...","timestamp":"2025-02-12T01:12:10.190Z"}
{"level":"info","message":"Waiting for new block...","timestamp":"2025-02-12T01:12:20.374Z"}
{"level":"info","message":"Waiting for new block...","timestamp":"2025-02-12T01:12:30.860Z"}
{"level":"info","message":"Waiting for new block...","timestamp":"2025-02-12T01:12:40.352Z"}
{"level":"info","message":"Waiting for new block...","timestamp":"2025-02-12T01:12:50.263Z"}
{"level":"info","message":"Waiting for new block...","timestamp":"2025-02-12T01:13:00.256Z"}
{"level":"info","message":"Waiting for new block...","timestamp":"2025-02-12T01:13:10.252Z"}
{"level":"info","message":"Waiting for new block...","timestamp":"2025-02-12T01:13:20.833Z"}
{"level":"info","message":"Waiting for new block...","timestamp":"2025-02-12T01:13:30.297Z"}
{"level":"info","message":"Waiting for new block...","timestamp":"2025-02-12T01:13:40.290Z"}
{"level":"info","message":"Waiting for new block...","timestamp":"2025-02-12T01:13:50.632Z"}
{"level":"info","message":"Waiting for new block...","timestamp":"2025-02-12T01:14:00.722Z"}
{"level":"info","message":"Waiting for new block...","timestamp":"2025-02-12T01:14:10.317Z"}
{"level":"info","message":"Waiting for new block...","timestamp":"2025-02-12T01:14:20.359Z"}
{"level":"info","message":"Waiting for new block...","timestamp":"2025-02-12T01:14:30.335Z"}
{"level":"info","message":"Waiting for new block...","timestamp":"2025-02-12T01:14:40.395Z"}
{"level":"info","message":"Waiting for new block...","timestamp":"2025-02-12T01:14:51.050Z"}
{"level":"info","message":"Waiting for new block...","timestamp":"2025-02-12T01:15:00.418Z"}
{"level":"info","message":"Waiting for new block...","timestamp":"2025-02-12T01:15:10.518Z"}
{"level":"info","message":"Waiting for new block...","timestamp":"2025-02-12T01:15:20.424Z"}
{"level":"info","message":"Waiting for new block...","timestamp":"2025-02-12T01:15:30.542Z"}
{"level":"info","message":"Waiting for new block...","timestamp":"2025-02-12T01:15:40.715Z"}
{"level":"info","message":"Waiting for new block...","timestamp":"2025-02-12T01:15:50.582Z"}
{"level":"info","message":"Waiting for new block...","timestamp":"2025-02-12T01:16:01.092Z"}
{"level":"info","message":"Waiting for new block...","timestamp":"2025-02-12T01:16:11.900Z"}
{"level":"info","message":"Waiting for new block...","timestamp":"2025-02-12T01:16:21.065Z"}
{"level":"info","message":"Waiting for new block...","timestamp":"2025-02-12T01:16:30.999Z"}
{"level":"info","message":"Waiting for new block...","timestamp":"2025-02-12T01:16:40.529Z"}
{"level":"info","message":"Waiting for new block...","timestamp":"2025-02-12T01:16:51.192Z"}
{"level":"info","message":"Waiting for new block...","timestamp":"2025-02-12T01:17:00.509Z"}
{"level":"info","message":"Waiting for new block...","timestamp":"2025-02-12T01:17:10.833Z"}
{"level":"info","message":"Waiting for new block...","timestamp":"2025-02-12T01:17:21.176Z"}
{"level":"info","message":"Waiting for new block...","timestamp":"2025-02-12T01:17:30.552Z"}
{"level":"info","message":"Waiting for new block...","timestamp":"2025-02-12T01:17:40.837Z"}
{"level":"info","message":"Waiting for new block...","timestamp":"2025-02-12T01:17:50.635Z"}
{"level":"info","message":"Waiting for new block...","timestamp":"2025-02-12T01:18:00.587Z"}
{"level":"info","message":"Waiting for new block...","timestamp":"2025-02-12T01:18:10.618Z"}
{"level":"info","message":"Waiting for new block...","timestamp":"2025-02-12T01:18:20.877Z"}
{"level":"info","message":"Waiting for new block...","timestamp":"2025-02-12T01:18:30.707Z"}
{"level":"info","message":"Waiting for new block...","timestamp":"2025-02-12T01:18:41.459Z"}
{"level":"info","message":"Waiting for new block...","timestamp":"2025-02-12T01:18:50.709Z"}
{"level":"info","message":"Waiting for new block...","timestamp":"2025-02-12T01:19:00.649Z"}
{"level":"info","message":"Waiting for new block...","timestamp":"2025-02-12T01:19:10.728Z"}
{"level":"info","message":"Waiting for new block...","timestamp":"2025-02-12T01:19:20.699Z"}
{"level":"info","message":"Waiting for new block...","timestamp":"2025-02-12T01:19:30.698Z"}
{"level":"info","message":"Waiting for new block...","timestamp":"2025-02-12T01:19:40.713Z"}
{"level":"info","message":"Waiting for new block...","timestamp":"2025-02-12T01:19:51.201Z"}
